[2026-08-17 14:43:24 CST] === HA 巡检开始 ===
[2026-08-17 14:45:02 CST] === HA 巡检开始 ===
[2026-08-17 14:45:02 CST] ✅ HA 在线 | 实体数: 18
[2026-08-17 14:45:02 CST] 关键实体状态:
  [PERSON] person.kami: unknown
[2026-08-17 14:45:02 CST] === HA 巡检完成 ===
[2026-08-17 14:47:34 CST] === HA 巡检开始 ===
[2026-08-17 14:47:34 CST] ✅ HA 在线 | 实体数: 18
[2026-08-17 14:47:34 CST] 关键实体状态:
  [PERSON] person.kami: unknown
[2026-08-17 14:47:34 CST] === HA 巡检完成 ===
[2026-08-17 15:01:47 CST] === HA 巡检开始 ===
[2026-08-17 15:01:47 CST] ✅ HA 在线 | 实体数: 18
[2026-08-17 15:01:47 CST] 关键实体状态:
  [PERSON] person.kami: unknown
[2026-08-17 15:01:47 CST] === HA 巡检完成 ===
[2026-08-17 15:30:14 CST] === HA 巡检开始 ===
[2026-08-17 15:30:14 CST] ✅ HA 在线 | 实体数: 18
[2026-08-17 15:30:14 CST] 关键实体状态:
  [PERSON] person.kami: unknown
[2026-08-17 15:30:14 CST] === HA 巡检完成 ===
[2026-08-17 15:33:50 CST] === HA 巡检开始 ===
[2026-08-17 15:33:50 CST] ✅ HA 在线 | 实体数: 18
[2026-08-17 15:33:50 CST] 关键实体状态:
  [PERSON] person.kami: unknown
[2026-08-17 15:33:50 CST] === HA 巡检完成 ===
