RC=0
libsvtav1 --enable-libx264 --enable-libzmq --enable-libzvbi --enable-lv2 --enable-sdl2 --enable-libplacebo --enable-librav1e --enable-pocketsphinx --enable-librsvg --enable-libjxl --enable-shared
  libavutil      58. 29.100 / 58. 29.100
  libavcodec     60. 31.102 / 60. 31.102
  libavformat    60. 16.100 / 60. 16.100
  libavdevice    60.  3.100 / 60.  3.100
  libavfilter     9. 12.100 /  9. 12.100
  libswscale      7.  5.100 /  7.  5.100
  libswresample   4. 12.100 /  4. 12.100
  libpostproc    57.  3.100 / 57.  3.100
[mov,mp4,m4a,3gp,3g2,mj2 @ 0x64b241fb44c0] Auto-inserting h264_mp4toannexb bitstream filter
Input #0, concat, from '/home/ubuntu/.openclaw/workspace/agnes-video-pipeline/runtime/video-batches-20260918-134452/final/concat_list.txt':
  Duration: N/A, start: -0.032000, bitrate: 3170 kb/s
  Stream #0:0(und): Video: h264 (High) (avc1 / 0x31637661), yuv420p(progressive), 720x1280, 3043 kb/s, 24 fps, 24 tbr, 12288 tbn
    Metadata:
      handler_name    : VideoHandler
      vendor_id       : [0][0][0][0]
      encoder         : Lavc60.31.102 libx264
  Stream #0:1(und): Audio: aac (LC) (mp4a / 0x6134706D), 32000 Hz, stereo, fltp, 127 kb/s
    Metadata:
      handler_name    : SoundHandler
      vendor_id       : [0][0][0][0]
Output #0, mp4, to '/home/ubuntu/.openclaw/workspace/agnes-video-pipeline/runtime/video-batches-20260918-134452/final/black_clothing_5scene_final.mp4':
  Metadata:
    encoder         : Lavf60.16.100
  Stream #0:0(und): Video: h264 (High) (avc1 / 0x31637661), yuv420p(progressive), 720x1280, q=2-31, 3043 kb/s, 24 fps, 24 tbr, 12288 tbn
    Metadata:
      handler_name    : VideoHandler
      vendor_id       : [0][0][0][0]
      encoder         : Lavc60.31.102 libx264
  Stream #0:1(und): Audio: aac (LC) (mp4a / 0x6134706D), 32000 Hz, stereo, fltp, 127 kb/s
    Metadata:
      handler_name    : SoundHandler
      vendor_id       : [0][0][0][0]
Stream mapping:
  Stream #0:0 -> #0:0 (copy)
  Stream #0:1 -> #0:1 (copy)
Press [q] to stop, [?] for help
size=       0kB time=-00:00:00.05 bitrate=  -0.0kbits/s speed=N/A    
[mov,mp4,m4a,3gp,3g2,mj2 @ 0x64b241fb44c0] Auto-inserting h264_mp4toannexb bitstream filter
    Last message repeated 3 times
[mp4 @ 0x64b24200b340] Starting second pass: moving the moov atom to the beginning of the file
[out#0/mp4 @ 0x64b24200bdc0] video:13644kB audio:514kB subtitle:0kB other streams:0kB global headers:0kB muxing overhead: 0.186521%
size=   14184kB time=00:00:32.96 bitrate=3525.4kbits/s speed= 146x    
