[2026-09-10T01:03:30.368528] sensor.sun_next_dawn: 2026-09-01T21:11:24+00:00 → 2026-09-10T21:16:51+00:00 (重要度: low)
[2026-09-10T01:03:30.368570] sensor.sun_next_dusk: 2026-09-01T10:48:14+00:00 → 2026-09-10T10:36:46+00:00 (重要度: low)
[2026-09-10T01:03:30.368577] sensor.sun_next_midnight: 2026-09-01T15:59:28+00:00 → 2026-09-10T15:56:26+00:00 (重要度: low)
[2026-09-10T01:03:30.368583] sensor.sun_next_noon: 2026-09-01T03:59:50+00:00 → 2026-09-10T03:56:50+00:00 (重要度: low)
[2026-09-10T01:03:30.368588] sensor.sun_next_rising: 2026-09-01T21:36:28+00:00 → 2026-09-10T21:41:37+00:00 (重要度: low)
[2026-09-10T01:03:30.368594] sensor.sun_next_setting: 2026-09-01T10:23:11+00:00 → 2026-09-10T10:12:01+00:00 (重要度: low)
[2026-09-10T01:03:30.368601] weather.forecast_wo_de_jia: rainy → sunny (重要度: low)
[2026-09-10T13:00:55.873770] sun.sun: above_horizon → below_horizon (重要度: low)
[2026-09-10T13:00:55.873830] sensor.sun_next_dusk: 2026-09-10T10:36:46+00:00 → 2026-09-11T10:35:28+00:00 (重要度: low)
[2026-09-10T13:00:55.873890] sensor.sun_next_noon: 2026-09-10T03:56:50+00:00 → 2026-09-11T03:56:29+00:00 (重要度: low)
[2026-09-10T13:00:55.873919] sensor.sun_next_setting: 2026-09-10T10:12:01+00:00 → 2026-09-11T10:10:45+00:00 (重要度: low)
[2026-09-10T13:00:55.873928] weather.forecast_wo_de_jia: sunny → cloudy (重要度: low)
[2026-09-11T01:00:49.445680] sun.sun: below_horizon → above_horizon (重要度: low)
[2026-09-11T01:00:49.445718] sensor.sun_next_dawn: 2026-09-10T21:16:51+00:00 → 2026-09-11T21:17:26+00:00 (重要度: low)
[2026-09-11T01:00:49.445725] sensor.sun_next_midnight: 2026-09-10T15:56:26+00:00 → 2026-09-11T15:56:05+00:00 (重要度: low)
[2026-09-11T01:00:49.445732] sensor.sun_next_rising: 2026-09-10T21:41:37+00:00 → 2026-09-11T21:42:11+00:00 (重要度: low)
[2026-09-11T13:01:23.401724] sun.sun: above_horizon → below_horizon (重要度: low)
[2026-09-11T13:01:23.401767] sensor.sun_next_dusk: 2026-09-11T10:35:28+00:00 → 2026-09-12T10:34:11+00:00 (重要度: low)
[2026-09-11T13:01:23.401774] sensor.sun_next_noon: 2026-09-11T03:56:29+00:00 → 2026-09-12T03:56:08+00:00 (重要度: low)
[2026-09-11T13:01:23.401794] sensor.sun_next_setting: 2026-09-11T10:10:45+00:00 → 2026-09-12T10:09:29+00:00 (重要度: low)
[2026-09-17T21:01:36.147830] sensor.sun_next_dawn: 2026-09-11T21:17:26+00:00 → 2026-09-17T21:20:58+00:00 (重要度: low)
[2026-09-17T21:01:36.147873] sensor.sun_next_dusk: 2026-09-12T10:34:11+00:00 → 2026-09-18T10:26:23+00:00 (重要度: low)
[2026-09-17T21:01:36.147881] sensor.sun_next_midnight: 2026-09-11T15:56:05+00:00 → 2026-09-18T15:53:35+00:00 (重要度: low)
[2026-09-17T21:01:36.147886] sensor.sun_next_noon: 2026-09-12T03:56:08+00:00 → 2026-09-18T03:53:59+00:00 (重要度: low)
[2026-09-17T21:01:36.147891] sensor.sun_next_rising: 2026-09-11T21:42:11+00:00 → 2026-09-17T21:45:36+00:00 (重要度: low)
[2026-09-17T21:01:36.147897] sensor.sun_next_setting: 2026-09-12T10:09:29+00:00 → 2026-09-18T10:01:48+00:00 (重要度: low)
[2026-09-19T01:31:16.772139] sun.sun: below_horizon → above_horizon (重要度: low)
[2026-09-19T01:31:16.772182] sensor.sun_next_dawn: 2026-09-17T21:20:58+00:00 → 2026-09-19T21:22:09+00:00 (重要度: low)
[2026-09-19T01:31:16.772189] sensor.sun_next_dusk: 2026-09-18T10:26:23+00:00 → 2026-09-19T10:25:05+00:00 (重要度: low)
[2026-09-19T01:31:16.772195] sensor.sun_next_midnight: 2026-09-18T15:53:35+00:00 → 2026-09-19T15:53:14+00:00 (重要度: low)
[2026-09-19T01:31:16.772201] sensor.sun_next_noon: 2026-09-18T03:53:59+00:00 → 2026-09-19T03:53:38+00:00 (重要度: low)
[2026-09-19T01:31:16.772206] sensor.sun_next_rising: 2026-09-17T21:45:36+00:00 → 2026-09-19T21:46:45+00:00 (重要度: low)
[2026-09-19T01:31:16.772211] sensor.sun_next_setting: 2026-09-18T10:01:48+00:00 → 2026-09-19T10:00:31+00:00 (重要度: low)
[2026-09-19T01:31:16.772217] weather.forecast_wo_de_jia: cloudy → rainy (重要度: low)
[2026-09-20T01:00:58.551492] sun.sun: below_horizon → above_horizon (重要度: low)
[2026-09-20T01:00:58.551534] sensor.sun_next_dawn: 2026-09-17T21:20:58+00:00 → 2026-09-20T21:22:44+00:00 (重要度: low)
[2026-09-20T01:00:58.551542] sensor.sun_next_dusk: 2026-09-18T10:26:23+00:00 → 2026-09-20T10:23:47+00:00 (重要度: low)
[2026-09-20T01:00:58.551548] sensor.sun_next_midnight: 2026-09-18T15:53:35+00:00 → 2026-09-20T15:52:53+00:00 (重要度: low)
[2026-09-20T01:00:58.551553] sensor.sun_next_noon: 2026-09-18T03:53:59+00:00 → 2026-09-20T03:53:17+00:00 (重要度: low)
[2026-09-20T01:00:58.551559] sensor.sun_next_rising: 2026-09-17T21:45:36+00:00 → 2026-09-20T21:47:19+00:00 (重要度: low)
[2026-09-20T01:00:58.551565] sensor.sun_next_setting: 2026-09-18T10:01:48+00:00 → 2026-09-20T09:59:13+00:00 (重要度: low)
[2026-09-20T01:00:58.551571] weather.forecast_wo_de_jia: cloudy → rainy (重要度: low)
[2026-09-21T01:02:22.274047] sensor.sun_next_dawn: 2026-09-20T21:22:44+00:00 → 2026-09-21T21:23:19+00:00 (重要度: low)
[2026-09-21T01:02:22.274090] sensor.sun_next_dusk: 2026-09-20T10:23:47+00:00 → 2026-09-21T10:22:29+00:00 (重要度: low)
[2026-09-21T01:02:22.274098] sensor.sun_next_midnight: 2026-09-20T15:52:53+00:00 → 2026-09-21T15:52:31+00:00 (重要度: low)
[2026-09-21T01:02:22.274103] sensor.sun_next_noon: 2026-09-20T03:53:17+00:00 → 2026-09-21T03:52:55+00:00 (重要度: low)
[2026-09-21T01:02:22.274109] sensor.sun_next_rising: 2026-09-20T21:47:19+00:00 → 2026-09-21T21:47:54+00:00 (重要度: low)
[2026-09-21T01:02:22.274115] sensor.sun_next_setting: 2026-09-20T09:59:13+00:00 → 2026-09-21T09:57:56+00:00 (重要度: low)
[2026-09-21T01:02:22.274122] weather.forecast_wo_de_jia: rainy → sunny (重要度: low)
[2026-09-21T13:31:58.047754] sun.sun: above_horizon → below_horizon (重要度: low)
[2026-09-21T13:31:58.047797] sensor.sun_next_dusk: 2026-09-21T10:22:29+00:00 → 2026-09-22T10:21:12+00:00 (重要度: low)
[2026-09-21T13:31:58.047805] sensor.sun_next_noon: 2026-09-21T03:52:55+00:00 → 2026-09-22T03:52:34+00:00 (重要度: low)
[2026-09-21T13:31:58.047811] sensor.sun_next_setting: 2026-09-21T09:57:56+00:00 → 2026-09-22T09:56:39+00:00 (重要度: low)
[2026-09-21T13:31:58.047818] weather.forecast_wo_de_jia: sunny → partlycloudy (重要度: low)
[2026-09-22T01:04:03.443034] sun.sun: below_horizon → above_horizon (重要度: low)
[2026-09-22T01:04:03.443077] sensor.sun_next_dawn: 2026-09-21T21:23:19+00:00 → 2026-09-22T21:23:54+00:00 (重要度: low)
[2026-09-22T01:04:03.443085] sensor.sun_next_midnight: 2026-09-21T15:52:31+00:00 → 2026-09-22T15:52:10+00:00 (重要度: low)
[2026-09-22T01:04:03.443091] sensor.sun_next_rising: 2026-09-21T21:47:54+00:00 → 2026-09-22T21:48:29+00:00 (重要度: low)
[2026-09-22T01:04:03.443098] weather.forecast_wo_de_jia: partlycloudy → cloudy (重要度: low)
[2026-09-22T05:32:56.029162] sensor.sun_next_noon: 2026-09-22T03:52:34+00:00 → 2026-09-23T03:52:13+00:00 (重要度: low)
[2026-09-22T05:32:56.029243] weather.forecast_wo_de_jia: cloudy → partlycloudy (重要度: low)
[2026-09-23T01:02:59.714837] sensor.sun_next_dawn: 2026-09-22T21:23:54+00:00 → 2026-09-23T21:24:29+00:00 (重要度: low)
[2026-09-23T01:02:59.714883] sensor.sun_next_dusk: 2026-09-22T10:21:12+00:00 → 2026-09-23T10:19:54+00:00 (重要度: low)
[2026-09-23T01:02:59.714891] sensor.sun_next_midnight: 2026-09-22T15:52:10+00:00 → 2026-09-23T15:51:49+00:00 (重要度: low)
[2026-09-23T01:02:59.714897] sensor.sun_next_rising: 2026-09-22T21:48:29+00:00 → 2026-09-23T21:49:04+00:00 (重要度: low)
[2026-09-23T01:02:59.714903] sensor.sun_next_setting: 2026-09-22T09:56:39+00:00 → 2026-09-23T09:55:22+00:00 (重要度: low)
[2026-09-23T10:12:49.007591] sun.sun: above_horizon → below_horizon (重要度: low)
[2026-09-23T10:12:49.007634] sensor.sun_next_noon: 2026-09-23T03:52:13+00:00 → 2026-09-24T03:51:52+00:00 (重要度: low)
[2026-09-23T10:12:49.007641] sensor.sun_next_setting: 2026-09-23T09:55:22+00:00 → 2026-09-24T09:54:05+00:00 (重要度: low)
[2026-09-23T10:12:49.007648] weather.forecast_wo_de_jia: partlycloudy → cloudy (重要度: low)
[2026-09-23T14:01:38.916712] sensor.sun_next_dusk: 2026-09-23T10:19:54+00:00 → 2026-09-24T10:18:37+00:00 (重要度: low)
[2026-09-23T14:01:38.916763] weather.forecast_wo_de_jia: cloudy → unavailable (重要度: low)
[2026-09-24T01:01:16.493341] sun.sun: below_horizon → above_horizon (重要度: low)
[2026-09-24T01:01:16.493382] sensor.sun_next_dawn: 2026-09-23T21:24:29+00:00 → 2026-09-24T21:25:05+00:00 (重要度: low)
[2026-09-24T01:01:16.493390] sensor.sun_next_midnight: 2026-09-23T15:51:49+00:00 → 2026-09-24T15:51:28+00:00 (重要度: low)
[2026-09-24T01:01:16.493396] sensor.sun_next_rising: 2026-09-23T21:49:04+00:00 → 2026-09-24T21:49:39+00:00 (重要度: low)
[2026-09-24T01:01:16.493404] weather.forecast_wo_de_jia: unavailable → partlycloudy (重要度: low)
[2026-09-24T13:01:24.111974] sun.sun: above_horizon → below_horizon (重要度: low)
[2026-09-24T13:01:24.112036] sensor.sun_next_dusk: 2026-09-24T10:18:37+00:00 → 2026-09-25T10:17:20+00:00 (重要度: low)
[2026-09-24T13:01:24.112044] sensor.sun_next_noon: 2026-09-24T03:51:52+00:00 → 2026-09-25T03:51:31+00:00 (重要度: low)
[2026-09-24T13:01:24.112050] sensor.sun_next_setting: 2026-09-24T09:54:05+00:00 → 2026-09-25T09:52:49+00:00 (重要度: low)
[2026-09-24T14:01:15.238153] weather.forecast_wo_de_jia: partlycloudy → clear-night (重要度: low)
